step=1 env=0 left_arm=[-0.03045761  0.00372054  0.00215728 -0.04841982 -0.02108707  0.01993807] left_ee=[0.04398189 0.04399324] right_arm=[ 0.02220472 -0.02941488 -0.00632726 -0.03371501  0.00608753 -0.03675232] right_ee=[0.04362044 0.04363469]
step=2 env=0 left_arm=[-0.03617865  0.04342264  0.03401746 -0.07050367 -0.0222229   0.05872943] left_ee=[0.0439767 0.044    ] right_arm=[ 0.02302212 -0.04922689 -0.00834676 -0.03781094  0.00694493 -0.0392759 ] right_ee=[0.04352984 0.04349727]
step=3 env=0 left_arm=[-0.03737044  0.08864629  0.06436441 -0.09654028 -0.02374218  0.10084276] left_ee=[0.04398495 0.044     ] right_arm=[ 0.02202415 -0.05087549 -0.00735744 -0.03671739  0.01149757 -0.03685045] right_ee=[0.04350214 0.04348581]
step=4 env=0 left_arm=[-0.03915337  0.14591447  0.10415588 -0.12422015 -0.02489756  0.15611471] left_ee=[0.04399611 0.044     ] right_arm=[ 0.02015227 -0.05624038 -0.00693691 -0.03644764  0.01360097 -0.03516708] right_ee=[0.04363075 0.04362802]
step=5 env=0 left_arm=[-0.04724389  0.26407662  0.1867692  -0.17861602 -0.01605061  0.23928986] left_ee=[0.0439956 0.044    ] right_arm=[ 0.01637585 -0.06890952 -0.01900115 -0.04191158  0.01075006 -0.03087155] right_ee=[0.04377753 0.04378245]
step=6 env=0 left_arm=[-0.04822411  0.3718767   0.26109472 -0.23896252 -0.0122905   0.32908067] left_ee=[0.044 0.044] right_arm=[ 0.01438664 -0.06487636 -0.013794   -0.03700696  0.00770048 -0.03423209] right_ee=[0.04386814 0.04387081]
step=7 env=0 left_arm=[-0.05115245  0.4682679   0.33715883 -0.29902136 -0.00576247  0.40796524] left_ee=[0.044 0.044] right_arm=[ 0.01254928 -0.04582051 -0.013228   -0.03242952  0.00643514 -0.04021971] right_ee=[0.04392184 0.04392343]
step=8 env=0 left_arm=[-0.05098451  0.6173838   0.43583438 -0.3886802  -0.00746547  0.5279021 ] left_ee=[0.044 0.044] right_arm=[ 0.01216244 -0.05499323 -0.0134228  -0.03438491  0.0117293  -0.04734615] right_ee=[0.04395521 0.04395362]
step=9 env=0 left_arm=[-0.05248286  0.7524098   0.5358501  -0.4717138  -0.00285     0.65179515] left_ee=[0.044 0.044] right_arm=[ 0.00286614 -0.05328737 -0.02069738 -0.02302064  0.00700764 -0.03881099] right_ee=[0.04397359 0.04397338]
step=10 env=0 left_arm=[-0.05227607  0.8576396   0.60800713 -0.53997976  0.00292593  0.7260628 ] left_ee=[0.044 0.044] right_arm=[ 0.0095487  -0.06185888 -0.00529539 -0.02488874  0.0105288  -0.03804513] right_ee=[0.04397816 0.04399057]
step=11 env=0 left_arm=[-0.04995807  0.99687564  0.7257638  -0.6176163   0.00146199  0.85005754] left_ee=[0.044      0.04396162] right_arm=[ 0.005174   -0.05445779 -0.01024781 -0.02360195  0.01575591 -0.04586696] right_ee=[0.04399328 0.04398704]
step=12 env=0 left_arm=[-0.05682378  1.095146    0.77418876 -0.6563226   0.00707918  0.91245997] left_ee=[0.044      0.04394128] right_arm=[ 0.01733224 -0.04245207 -0.00502986 -0.00890497  0.00451133 -0.04858048] right_ee=[0.04398318 0.04398284]
step=13 env=0 left_arm=[-0.04776402  1.2216741   0.86686194 -0.7334764   0.01108768  1.0181623 ] left_ee=[0.044     0.0439649] right_arm=[ 0.01710663 -0.04065676  0.00629961 -0.01471242  0.01250957 -0.04711866] right_ee=[0.04399455 0.04397012]
step=14 env=0 left_arm=[-0.0432217   1.3146166   0.9257063  -0.7789953   0.02248941  1.0698102 ] left_ee=[0.044      0.04397056] right_arm=[ 0.01823227 -0.05040959  0.00315093 -0.0116054   0.02041653 -0.04747011] right_ee=[0.04399253 0.04399174]
step=15 env=0 left_arm=[-0.03575319  1.3524251   0.9619059  -0.80892164  0.01864983  1.1100265 ] left_ee=[0.04398122 0.04396647] right_arm=[ 0.0119824  -0.05325167 -0.00464973 -0.01250504  0.02368472 -0.04315344] right_ee=[0.04399248 0.04399628]
step=16 env=0 left_arm=[-0.04475464  1.462802    1.0194594  -0.8571957   0.02589497  1.1805387 ] left_ee=[0.044      0.04398349] right_arm=[ 0.01446112 -0.03915038  0.00601427 -0.01205061  0.01876717 -0.06153381] right_ee=[0.04398824 0.04399527]
step=17 env=0 left_arm=[-0.03533293  1.4985094   1.0450352  -0.88823843  0.02586976  1.2081116 ] left_ee=[0.04398004 0.04396423] right_arm=[ 0.01467548 -0.04395209  0.00165174 -0.01812312  0.02852796 -0.05701732] right_ee=[0.04399493 0.04399076]
step=18 env=0 left_arm=[-0.03361283  1.5816857   1.118513   -0.9452024   0.02601827  1.2687631 ] left_ee=[0.04270931 0.04274154] right_arm=[ 0.01371933 -0.05784826  0.00458297 -0.03008283  0.0303767  -0.05150988] right_ee=[0.0439946  0.04399809]
step=19 env=0 left_arm=[-0.03107818  1.6069441   1.1300617  -0.9608767   0.03133201  1.287347  ] left_ee=[0.04126345 0.04116912] right_arm=[ 0.01366502 -0.07555525  0.00750078 -0.02191292  0.02958671 -0.05501613] right_ee=[0.04399611 0.04399789]
step=20 env=0 left_arm=[-0.02957455  1.6155857   1.1318777  -0.96978194  0.02521697  1.2915813 ] left_ee=[0.03835145 0.03830548] right_arm=[ 0.01224709 -0.07000863 -0.01604807 -0.01013631  0.02581577 -0.05502685] right_ee=[0.04399176 0.04399649]
step=21 env=0 left_arm=[-0.02892591  1.6097763   1.1083492  -0.9666744   0.01785306  1.3092636 ] left_ee=[0.0358604  0.03578875] right_arm=[ 0.0092464  -0.05222955 -0.03115858 -0.00203794  0.02034118 -0.05460056] right_ee=[0.04399657 0.04399574]
step=22 env=0 left_arm=[-0.02809589  1.6663699   1.168262   -1.0158998   0.02431006  1.3424795 ] left_ee=[0.03220819 0.03230937] right_arm=[ 0.01045563 -0.07349168 -0.02963096 -0.00732721  0.02900299 -0.04793143] right_ee=[0.04399508 0.04399157]
step=23 env=0 left_arm=[-0.02577212  1.6677016   1.151153   -1.0178009   0.018615    1.3508537 ] left_ee=[0.02952962 0.02943587] right_arm=[ 0.00945423 -0.06002044 -0.03640342 -0.00569353  0.02889548 -0.04819097] right_ee=[0.04399437 0.04399548]
step=24 env=0 left_arm=[-0.02206212  1.6660062   1.15498    -1.0281062   0.01858458  1.3418534 ] left_ee=[0.02647986 0.0265049 ] right_arm=[ 0.01401622 -0.0585058  -0.02860903 -0.00263027  0.02557425 -0.05855301] right_ee=[0.04399443 0.04399446]
step=25 env=0 left_arm=[-0.02178815  1.6994934   1.1685677  -1.0227648   0.01791441  1.3795694 ] left_ee=[0.0237306  0.02375233] right_arm=[ 0.00824701 -0.05531402 -0.03646756  0.00747238  0.02582293 -0.05393712] right_ee=[0.04399375 0.04398659]
step=26 env=0 left_arm=[-0.01944329  1.686058    1.1802355  -1.0406653   0.01847586  1.3711891 ] left_ee=[0.02070155 0.02069674] right_arm=[ 0.01194985 -0.05989958 -0.03639365  0.00854086  0.01516703 -0.04641487] right_ee=[0.04398672 0.04399075]
step=27 env=0 left_arm=[-0.0199301   1.6922424   1.1680198  -1.0373371   0.01506981  1.3882192 ] left_ee=[0.01834577 0.01828965] right_arm=[ 0.00938565 -0.04838081 -0.03654204  0.00818918  0.01721656 -0.0512277 ] right_ee=[0.04399649 0.04398315]
step=28 env=0 left_arm=[-0.01487166  1.6987945   1.1896455  -1.0628972   0.00800058  1.3813555 ] left_ee=[0.01682978 0.0168746 ] right_arm=[ 0.00967404 -0.04905519 -0.03296609 -0.00077826  0.02482433 -0.06167171] right_ee=[0.04399572 0.04399443]
step=29 env=0 left_arm=[-0.01912356  1.6697165   1.1584519  -1.036926    0.01139186  1.3367177 ] left_ee=[0.01524286 0.01520277] right_arm=[ 0.01302134 -0.03756716 -0.0325513   0.01360266  0.0181771  -0.06825152] right_ee=[0.04399031 0.04399315]
step=30 env=0 left_arm=[-0.01354408  1.6847484   1.1889625  -1.0712297   0.00624695  1.3659929 ] left_ee=[0.01359357 0.01366243] right_arm=[ 0.00826727 -0.03358646 -0.02653372 -0.00389669  0.01599327 -0.07172106] right_ee=[0.04399674 0.0439868 ]
step=31 env=0 left_arm=[-0.01464951  1.6768317   1.1859026  -1.0688032   0.006638    1.3604382 ] left_ee=[0.01301175 0.01300782] right_arm=[ 0.00763214 -0.03159257 -0.03056254  0.00040897  0.01060112 -0.07265629] right_ee=[0.0439934  0.04399722]
step=32 env=0 left_arm=[-0.01429271  1.7001408   1.2010862  -1.0725456   0.00829391  1.381073  ] left_ee=[0.01231273 0.01233233] right_arm=[ 0.00714204 -0.03797999 -0.0304308   0.00137012  0.01793136 -0.06663822] right_ee=[0.04399494 0.0439922 ]
step=33 env=0 left_arm=[-0.01201718  1.7099811   1.2148718  -1.0927287   0.01200124  1.375517  ] left_ee=[0.01029768 0.01028043] right_arm=[ 0.00696063 -0.04032173 -0.03462178  0.00495567  0.01836726 -0.05514433] right_ee=[0.04399209 0.04399993]
step=34 env=0 left_arm=[-0.00762746  1.6730922   1.20325    -1.0712277   0.00646504  1.3610334 ] left_ee=[0.00949931 0.00951079] right_arm=[ 0.00564156 -0.03676865 -0.02134408 -0.00100581  0.01435298 -0.07707565] right_ee=[0.04394003 0.04394141]
step=35 env=0 left_arm=[-0.00500983  1.6836861   1.2062848  -1.088498    0.00876172  1.3660843 ] left_ee=[0.0088828 0.0088439] right_arm=[ 0.00470989 -0.03376575 -0.02099467 -0.00464348  0.01272481 -0.07467254] right_ee=[0.04396179 0.04396558]
step=36 env=0 left_arm=[ 1.5275162e-03  1.6806967e+00  1.2168248e+00 -1.1086147e+00
  1.0430032e-02  1.3551875e+00] left_ee=[0.00817703 0.00819933] right_arm=[ 0.00376397 -0.05719957 -0.0310339  -0.00460073  0.0197488  -0.06493566] right_ee=[0.0439808  0.04397702]
step=37 env=0 left_arm=[ 0.00422585  1.6956826   1.219627   -1.1109415   0.00354821  1.3602356 ] left_ee=[0.00696445 0.00697014] right_arm=[ 0.00541124 -0.04179701 -0.01725586 -0.00919835  0.02196216 -0.07584198] right_ee=[0.04398569 0.04399131]
step=38 env=0 left_arm=[ 0.00699671  1.6983835   1.2381537  -1.1184446   0.0072805   1.3744211 ] left_ee=[0.00697579 0.00701126] right_arm=[ 0.00296469 -0.05549289 -0.02191466 -0.01447171  0.02220859 -0.07498359] right_ee=[0.0439915  0.04399366]
step=39 env=0 left_arm=[ 0.01391324  1.6866235   1.2493088  -1.1407576   0.00221544  1.3716226 ] left_ee=[0.00652535 0.00651013] right_arm=[ 0.00056073 -0.04766467 -0.00457487 -0.0279654   0.02377385 -0.08198223] right_ee=[0.04392666 0.04392365]
step=40 env=0 left_arm=[ 0.01887841  1.6948384   1.260754   -1.1566826  -0.00276893  1.370707  ] left_ee=[0.0049422  0.00494996] right_arm=[-0.00124588 -0.05188863 -0.00906527 -0.03659489  0.03501786 -0.07830098] right_ee=[0.04394553 0.04395111]
step=41 env=0 left_arm=[ 1.7906571e-02  1.6793605e+00  1.2580947e+00 -1.1477548e+00
 -2.1016707e-04  1.3511071e+00] left_ee=[0.00460651 0.00461332] right_arm=[ 0.00100083 -0.05746273 -0.00243346 -0.03068453  0.03698657 -0.07814413] right_ee=[0.04388065 0.04389187]
step=42 env=0 left_arm=[ 0.01619    1.676591   1.2485497 -1.1500477  0.0058077  1.3432864] left_ee=[0.00428265 0.00424889] right_arm=[-0.00237766 -0.05387619 -0.00590664 -0.02802651  0.03085756 -0.07810228] right_ee=[0.0439093  0.04391807]
step=43 env=0 left_arm=[ 2.2615222e-02  1.6623013e+00  1.2537552e+00 -1.1642666e+00
  1.0057134e-03  1.3322126e+00] left_ee=[0.00388842 0.00391655] right_arm=[-0.00543592 -0.04840348 -0.00049605 -0.04759246  0.03501549 -0.08118559] right_ee=[0.04370532 0.04370239]
step=44 env=0 left_arm=[ 0.0200795   1.6571908   1.2606485  -1.1735923   0.01241999  1.3201466 ] left_ee=[0.00437985 0.00440186] right_arm=[-0.00399323 -0.06700555 -0.00589325 -0.05404619  0.04310108 -0.07152548] right_ee=[0.04352507 0.04353016]
step=45 env=0 left_arm=[ 0.02259955  1.6662847   1.2447304  -1.1514679   0.00971956  1.3309059 ] left_ee=[0.00477329 0.00476871] right_arm=[-0.00450667 -0.06778375 -0.02249283 -0.02963945  0.03126843 -0.07160316] right_ee=[0.04354417 0.04356154]
step=46 env=0 left_arm=[ 0.02650689  1.6504248   1.2502351  -1.1627313   0.0154405   1.315818  ] left_ee=[0.00501326 0.00502003] right_arm=[-0.00519019 -0.08464531 -0.02010776 -0.03918223  0.04241515 -0.05651741] right_ee=[0.04346417 0.04344566]
step=47 env=0 left_arm=[ 3.4923963e-02  1.6259431e+00  1.2383063e+00 -1.1514270e+00
 -7.4284780e-04  1.2818280e+00] left_ee=[0.00524073 0.00524772] right_arm=[-0.00540514 -0.06717068  0.00655331 -0.06093223  0.04282794 -0.07594647] right_ee=[0.04295692 0.04295915]
step=48 env=0 left_arm=[ 0.02710204  1.6017936   1.1939858  -1.0990546   0.01797558  1.2451135 ] left_ee=[0.00528625 0.00524182] right_arm=[-0.00641065 -0.07712723  0.00206475 -0.04385691  0.04431486 -0.07627796] right_ee=[0.04254918 0.04255211]
step=49 env=0 left_arm=[ 0.03881773  1.5947036   1.1888286  -1.0676252   0.02786922  1.2202638 ] left_ee=[0.00522289 0.0052936 ] right_arm=[-0.00493412 -0.08593427  0.00940756 -0.03582653  0.04506643 -0.06076805] right_ee=[0.04236817 0.04236718]
step=50 env=0 left_arm=[ 0.0287807   1.5302533   1.1261381  -1.0158916   0.03429643  1.1617926 ] left_ee=[0.00592846 0.00583128] right_arm=[-0.00747743 -0.10021123 -0.00604821 -0.05363078  0.04316383 -0.06680427] right_ee=[0.04193228 0.041939  ]
step=51 env=0 left_arm=[-0.07311599  1.7187504   1.3225906  -1.2138482   0.02419013  1.355205  ] left_ee=[0.01316565 0.01326629] right_arm=[-0.00797917 -0.07521389 -0.00820972 -0.04337855  0.04229988 -0.0286537 ] right_ee=[0.04275455 0.04275859]
step=52 env=0 left_arm=[-0.07193258  1.9148238   1.5213028  -1.404204    0.02214361  1.5067892 ] left_ee=[0.01729557 0.01740761] right_arm=[-0.00858537 -0.06080093 -0.00649937 -0.04468884  0.04318815 -0.02437379] right_ee=[0.04325653 0.04325644]
step=53 env=0 left_arm=[-0.06110144  2.0556614   1.7085687  -1.4942483   0.02142432  1.5344207 ] left_ee=[0.01798721 0.01827504] right_arm=[-0.00656108 -0.0583769  -0.00737942 -0.0486585   0.04436803 -0.0181674 ] right_ee=[0.04355833 0.04356204]
step=54 env=0 left_arm=[-0.0450428   2.0738735   1.843357   -1.5143483   0.01816389  1.5347054 ] left_ee=[0.01841826 0.0181553 ] right_arm=[-0.0068877  -0.05229068 -0.00557964 -0.04703116  0.04371161 -0.01994523] right_ee=[0.04374036 0.0437388 ]
step=55 env=0 left_arm=[-0.02604424  2.0676625   1.8527232  -1.5190479   0.01636807  1.5367589 ] left_ee=[0.01744905 0.01716137] right_arm=[-0.00491957 -0.04880309 -0.00691273 -0.04658451  0.04456876 -0.01924261] right_ee=[0.04384535 0.04384679]
step=56 env=0 left_arm=[-0.0159206   2.066807    1.8574458  -1.525479    0.01594137  1.5423121 ] left_ee=[0.01611526 0.01599632] right_arm=[-0.00458914 -0.0456575  -0.0069667  -0.04584947  0.04340982 -0.01905175] right_ee=[0.04390962 0.04390805]
step=57 env=0 left_arm=[ 0.00272144  2.0546138   1.851651   -1.5183241   0.01708024  1.535851  ] left_ee=[0.01447633 0.01442291] right_arm=[-0.00283538 -0.04222227 -0.00515639 -0.04442625  0.04073195 -0.01830871] right_ee=[0.04394611 0.04394649]
step=58 env=0 left_arm=[ 0.01386775  2.0528984   1.8528467  -1.5189899   0.01075541  1.5327445 ] left_ee=[0.01216083 0.01214845] right_arm=[-0.00158534 -0.04334482 -0.00772218 -0.04467786  0.03909267 -0.01306872] right_ee=[0.04397015 0.04396658]
step=59 env=0 left_arm=[ 0.02120503  2.0492563   1.8508836  -1.5187253   0.01176539  1.5373334 ] left_ee=[0.01022503 0.01021442] right_arm=[-0.00161095 -0.03901772 -0.00397401 -0.04351938  0.03769732 -0.01187031] right_ee=[0.04398452 0.04397897]
step=60 env=0 left_arm=[ 0.03255712  2.0454702   1.8504851  -1.5187796   0.00875977  1.5327888 ] left_ee=[0.00809746 0.00809585] right_arm=[ 0.00012182 -0.03780801 -0.00382108 -0.04131462  0.03563814 -0.00858425] right_ee=[0.04399016 0.04398951]
step=61 env=0 left_arm=[ 0.04324661  2.0393677   1.8502835  -1.5202376   0.00945867  1.5334429 ] left_ee=[0.00665883 0.00665381] right_arm=[ 0.00107543 -0.03307569  0.00051894 -0.03818608  0.03364534 -0.00753806] right_ee=[0.04399626 0.04399206]
step=62 env=0 left_arm=[ 0.04718959  2.0375166   1.8462279  -1.5213634   0.00426266  1.5347646 ] left_ee=[0.00518473 0.00518724] right_arm=[ 0.00150809 -0.03535525 -0.00409651 -0.0366239   0.03463122 -0.00362704] right_ee=[0.04399915 0.04399443]
step=63 env=0 left_arm=[ 6.2093228e-02  2.0308831e+00  1.8346603e+00 -1.5194284e+00
 -9.5353322e-04  1.5416284e+00] left_ee=[0.00358833 0.00358416] right_arm=[ 0.00117504 -0.03151856 -0.00264817 -0.03117155  0.03316515 -0.00158278] right_ee=[0.0439994  0.04399787]
step=64 env=0 left_arm=[ 0.06455544  2.0288873   1.8420757  -1.529304    0.00236622  1.5323864 ] left_ee=[0.00225203 0.00226301] right_arm=[ 0.00179752 -0.02957554  0.00074015 -0.03174279  0.03200318 -0.00194705] right_ee=[0.04399961 0.04399874]
step=65 env=0 left_arm=[ 7.3014468e-02  2.0174468e+00  1.8404310e+00 -1.5326366e+00
 -7.4926228e-04  1.5252378e+00] left_ee=[0.00108581 0.001082  ] right_arm=[ 0.00047771 -0.03306914  0.00191417 -0.03254079  0.03210096 -0.00161647] right_ee=[0.04399861 0.04399742]
step=66 env=0 left_arm=[ 7.6822840e-02  2.0132301e+00  1.8266819e+00 -1.5216672e+00
 -4.1987168e-04  1.5268241e+00] left_ee=[0. 0.] right_arm=[ 0.00245841 -0.02708383  0.00230821 -0.03069631  0.03034258  0.00214538] right_ee=[0.04399621 0.04399712]
step=67 env=0 left_arm=[ 8.3986565e-02  2.0155206e+00  1.8335166e+00 -1.5338668e+00
 -1.2444741e-03  1.5304453e+00] left_ee=[0. 0.] right_arm=[ 0.00174394 -0.02813834  0.00277116 -0.02993372  0.03189117  0.00234618] right_ee=[0.04399835 0.04399452]
step=68 env=0 left_arm=[ 0.09078254  2.012591    1.8350655  -1.5362403  -0.00392933  1.527227  ] left_ee=[0. 0.] right_arm=[ 0.0016034  -0.02811559  0.00310558 -0.02972625  0.02991776  0.00323386] right_ee=[0.04399703 0.043999  ]
step=69 env=0 left_arm=[ 0.09617214  2.0035527   1.8258127  -1.5341406  -0.00313164  1.5213276 ] left_ee=[0. 0.] right_arm=[ 0.00187331 -0.02762443  0.00336744 -0.02908481  0.02984729  0.00215688] right_ee=[0.04399911 0.04399826]
step=70 env=0 left_arm=[ 0.10010133  1.9971275   1.8240932  -1.5378407  -0.00586405  1.5155269 ] left_ee=[0. 0.] right_arm=[ 0.00218918 -0.03004875  0.00208499 -0.0276993   0.03024938  0.00112481] right_ee=[0.04399968 0.04399893]
step=71 env=0 left_arm=[ 0.10114112  1.9946582   1.8247886  -1.5415058  -0.00678865  1.5178434 ] left_ee=[0. 0.] right_arm=[ 0.0020495  -0.02890112  0.00325027 -0.02796382  0.03160094  0.0011585 ] right_ee=[0.04399906 0.04399905]
step=72 env=0 left_arm=[ 0.10647398  1.9923099   1.8285153  -1.5511883  -0.00808876  1.5163277 ] left_ee=[0. 0.] right_arm=[ 0.00209494 -0.02856209  0.00427495 -0.02768855  0.0308625   0.00341998] right_ee=[0.04399835 0.04399956]
step=73 env=0 left_arm=[ 0.12267607  1.978932    1.8052448  -1.5356582  -0.01294306  1.5276635 ] left_ee=[0. 0.] right_arm=[ 2.9461947e-03 -2.4147246e-02  9.0085348e-05 -2.2024654e-02
  3.0976068e-02  7.7197300e-03] right_ee=[0.04399902 0.0439993 ]
step=74 env=0 left_arm=[ 0.12370867  1.9810016   1.8134426  -1.5540712  -0.0106873   1.5149711 ] left_ee=[0. 0.] right_arm=[ 0.00260292 -0.02437763  0.00422554 -0.02443067  0.03084535  0.00328712] right_ee=[0.04399963 0.04399888]
step=75 env=0 left_arm=[ 0.13473661  1.975825    1.8056604  -1.552186   -0.01596123  1.5299621 ] left_ee=[0.00020276 0.00020918] right_arm=[ 0.00254583 -0.02406895  0.00028688 -0.01983225  0.0315293   0.00759617] right_ee=[0.04399963 0.04399959]
step=76 env=0 left_arm=[ 0.1332949   1.9788142   1.8180817  -1.5631673  -0.01190044  1.5273563 ] left_ee=[0. 0.] right_arm=[ 0.00391608 -0.02107875  0.00632726 -0.02347395  0.03087798  0.00946845] right_ee=[0.04399844 0.0439983 ]
step=77 env=0 left_arm=[ 0.1414226   1.9773732   1.815135   -1.5728174  -0.01138388  1.5329212 ] left_ee=[0.00125196 0.00124007] right_arm=[ 0.00278221 -0.02193749  0.00374073 -0.02111466  0.02917353  0.00653103] right_ee=[0.04399966 0.04399713]
step=78 env=0 left_arm=[ 0.13751337  1.9874759   1.8247311  -1.5823643  -0.00736288  1.5312281 ] left_ee=[0.00254379 0.00257274] right_arm=[ 0.00286328 -0.02120149  0.00845526 -0.01973713  0.02879793  0.00699489] right_ee=[0.04399949 0.04399903]
step=79 env=0 left_arm=[ 0.13799483  1.973928    1.8147278  -1.5841236  -0.00490787  1.5090841 ] left_ee=[0.00368715 0.00365634] right_arm=[ 0.00243994 -0.02864778  0.00941339 -0.02448044  0.02910524  0.00149299] right_ee=[0.04399928 0.04399905]
step=80 env=0 left_arm=[ 1.4542824e-01  1.9751596e+00  1.8086375e+00 -1.5877256e+00
 -1.5752167e-03  1.5143298e+00] left_ee=[0.00504156 0.00506843] right_arm=[ 0.00173993 -0.02317728  0.01174951 -0.0206431   0.02767326  0.00522054] right_ee=[0.04399893 0.04399981]
step=81 env=0 left_arm=[ 0.15407257  1.9650351   1.797905   -1.5844004  -0.00479753  1.5111213 ] left_ee=[0.00668248 0.00668249] right_arm=[-0.00010357 -0.02470665  0.00837842 -0.01975304  0.02528667  0.00225637] right_ee=[0.0439996  0.04399915]
step=82 env=0 left_arm=[ 1.6022430e-01  1.9492803e+00  1.7795850e+00 -1.5685462e+00
  9.3621908e-05  1.4993593e+00] left_ee=[0.00744722 0.00745284] right_arm=[ 0.00015691 -0.02873268  0.00643141 -0.01963611  0.02624553  0.00473936] right_ee=[0.04399944 0.04399987]
step=83 env=0 left_arm=[ 0.16278706  1.9440005   1.7674867  -1.5618806   0.00718643  1.5010206 ] left_ee=[0.00937167 0.00938428] right_arm=[-0.00128036 -0.02520119  0.00767784 -0.02107259  0.02597035  0.00444606] right_ee=[0.04399875 0.04399947]
step=84 env=0 left_arm=[ 0.15887368  1.9249228   1.746968   -1.5422188   0.01693933  1.457171  ] left_ee=[0.01019933 0.010193  ] right_arm=[-0.00231529 -0.03895908  0.00706196 -0.02380033  0.02516375 -0.00308127] right_ee=[0.04399839 0.044     ]
step=85 env=0 left_arm=[ 0.1653799   1.8944651   1.7029083  -1.5088844   0.01767289  1.4241798 ] left_ee=[0.0116554 0.0116402] right_arm=[-0.00332375 -0.04169986  0.00850346 -0.01255421  0.02208472  0.00648927] right_ee=[0.04399904 0.04399922]
step=86 env=0 left_arm=[ 0.16755028  1.835429    1.6454245  -1.4563643   0.0262277   1.3832417 ] left_ee=[0.01331454 0.01328288] right_arm=[-0.00769087 -0.06421046  0.00494437 -0.02118865  0.02764041 -0.0001127 ] right_ee=[0.04399224 0.04399599]
step=87 env=0 left_arm=[ 0.17230734  1.8152584   1.6192702  -1.431341    0.0250383   1.3602962 ] left_ee=[0.01431474 0.01435563] right_arm=[-0.00810528 -0.06846103  0.0016026  -0.0192312   0.02775485  0.00226064] right_ee=[0.04398808 0.04399833]
step=88 env=0 left_arm=[ 0.16035235  1.7926339   1.5937775  -1.392643    0.0426059   1.316743  ] left_ee=[0.01437    0.01438366] right_arm=[-0.00594469 -0.07689972  0.00534227 -0.01298244  0.02600425  0.0062214 ] right_ee=[0.04399144 0.04399672]
step=89 env=0 left_arm=[ 0.14681888  1.666687    1.4632399  -1.2472925   0.07691875  1.195071  ] left_ee=[0.0155803  0.01551134] right_arm=[-0.0091143  -0.08594138  0.01404001 -0.01348854  0.02587421  0.01374637] right_ee=[0.04399731 0.04399233]
step=90 env=0 left_arm=[ 0.1517429   1.6165206   1.4160861  -1.2114494   0.07225679  1.178144  ] left_ee=[0.01658644 0.0166375 ] right_arm=[-0.00960604 -0.08967399  0.01129722 -0.02186614  0.02971306  0.01577321] right_ee=[0.04399706 0.04399794]
step=91 env=0 left_arm=[ 0.12908293  1.5034447   1.3004873  -1.0754397   0.10797816  1.0509684 ] left_ee=[0.01680437 0.01681056] right_arm=[-0.00822055 -0.09489471  0.01658045 -0.01661765  0.02469703  0.01337892] right_ee=[0.04399326 0.04399565]
step=92 env=0 left_arm=[ 0.12177222  1.4224739   1.2182257  -0.9977199   0.11547637  1.0005233 ] left_ee=[0.01768918 0.01774406] right_arm=[-0.00816902 -0.09834258  0.01646069 -0.01816833  0.02625604  0.01667198] right_ee=[0.04399839 0.04399236]
step=93 env=0 left_arm=[ 0.11028361  1.2950071   1.0894868  -0.8599597   0.13020122  0.89189464] left_ee=[0.01828948 0.01833292] right_arm=[-0.0091616  -0.10713385  0.01878345 -0.03845763  0.03308676  0.00957403] right_ee=[0.0439948  0.04399567]
step=94 env=0 left_arm=[ 0.08638015  1.1628658   0.95558256 -0.7059375   0.15496396  0.7512964 ] left_ee=[0.01931052 0.01940135] right_arm=[-0.00817735 -0.0951096   0.02641745 -0.03716686  0.02438079  0.00856418] right_ee=[0.0439895  0.04399399]
step=95 env=0 left_arm=[ 0.07294684  1.0791475   0.8721511  -0.6085244   0.17349955  0.6802177 ] left_ee=[0.01988733 0.02001592] right_arm=[-0.00748288 -0.10195382  0.02697469 -0.04565065  0.02579616  0.00438704] right_ee=[0.04399802 0.04398981]
step=96 env=0 left_arm=[ 0.04793087  0.9895707   0.7830455  -0.47838488  0.21007197  0.5693908 ] left_ee=[0.02046251 0.02057048] right_arm=[-0.00398351 -0.0758939   0.03382066 -0.03467295  0.00715202  0.00104276] right_ee=[0.04399406 0.04398621]
step=97 env=0 left_arm=[ 0.04450352  0.8822042   0.6905333  -0.402446    0.19455586  0.48443905] left_ee=[0.02139191 0.02150715] right_arm=[-0.01014165 -0.08767775  0.03113117 -0.04968228  0.02271433 -0.01509594] right_ee=[0.04398518 0.04397602]
step=98 env=0 left_arm=[ 0.02921763  0.7873842   0.59119993 -0.31590727  0.19262752  0.39585522] left_ee=[0.02204779 0.0220805 ] right_arm=[-0.01236015 -0.09928776  0.03740729 -0.05716318  0.02866695 -0.01887918] right_ee=[0.04397995 0.04399757]
step=99 env=0 left_arm=[ 0.01269821  0.70468     0.51862186 -0.22046603  0.21713287  0.3110464 ] left_ee=[0.02278401 0.02287648] right_arm=[-0.00979991 -0.07282075  0.0457727  -0.04536248  0.00860112 -0.01965511] right_ee=[0.04397792 0.04398636]
step=100 env=0 left_arm=[-0.00070676  0.570899    0.39602607 -0.13134287  0.19750576  0.20897923] left_ee=[0.02409415 0.02417188] right_arm=[-0.0166766  -0.08402993  0.04563322 -0.06756818  0.0238598  -0.04186845] right_ee=[0.04398518 0.04397361]
step=101 env=0 left_arm=[-0.02859208  0.7467717   0.57672364 -0.329903    0.01324768  0.40784237] left_ee=[0.03102402 0.0317238 ] right_arm=[ 0.03194686 -0.01973194  0.00778231 -0.03802553  0.03237779 -0.04789719] right_ee=[0.04392278 0.04394653]
step=102 env=0 left_arm=[-0.02289649  0.8392488   0.7247865  -0.5184247  -0.03518885  0.6028262 ] left_ee=[0.03645243 0.03674394] right_arm=[ 0.03447207 -0.01195765  0.0093478  -0.03514571  0.02999493 -0.04643188] right_ee=[0.04398433 0.04391629]
step=103 env=0 left_arm=[-0.01704087  0.89284223  0.7787655  -0.6897467  -0.03436552  0.7816291 ] left_ee=[0.03981165 0.03977455] right_arm=[ 0.03660012 -0.00977868  0.01778876 -0.03577384  0.02917056 -0.03913567] right_ee=[0.04399487 0.04396036]
step=104 env=0 left_arm=[-0.00735924  0.9218605   0.81054205 -0.73028827 -0.03112936  0.8284501 ] left_ee=[0.04145215 0.04163139] right_arm=[ 0.03434448 -0.00302313  0.02382503 -0.03176624  0.02487682 -0.03847657] right_ee=[0.04399962 0.04398102]
step=105 env=0 left_arm=[ 0.00815306  0.9496014   0.84119254 -0.7511487  -0.02361645  0.8558252 ] left_ee=[0.04248266 0.04257806] right_arm=[ 0.03100466  0.01076177  0.02035891 -0.02548729  0.02283414 -0.03955207] right_ee=[0.04399839 0.04399222]
step=106 env=0 left_arm=[ 0.02080464  0.99781597  0.87523115 -0.7778058  -0.01792343  0.8899355 ] left_ee=[0.04312754 0.04312788] right_arm=[ 0.03409496  0.0230799   0.03393245 -0.02496015  0.02157249 -0.04398586] right_ee=[0.043997   0.04399681]
step=107 env=0 left_arm=[ 0.03339886  1.0071108   0.8857387  -0.78386223 -0.01113507  0.89758164] left_ee=[0.04349348 0.04347688] right_arm=[ 0.03082501  0.02809913  0.03807847 -0.02436779  0.02128117 -0.04445102] right_ee=[0.04399689 0.04399355]
step=108 env=0 left_arm=[ 0.05360083  1.0439218   0.91533864 -0.82099444 -0.01015     0.9270359 ] left_ee=[0.04356994 0.04355623] right_arm=[ 0.03437684  0.0346219   0.05042716 -0.02940091  0.02295698 -0.04816177] right_ee=[0.04399444 0.04399745]
step=109 env=0 left_arm=[ 0.06414421  1.0701966   0.94077367 -0.8304307  -0.00316743  0.95147544] left_ee=[0.04374112 0.04374329] right_arm=[ 0.03226956  0.03480857  0.05854356 -0.02511796  0.01100871 -0.04522615] right_ee=[0.04399829 0.04399573]
step=110 env=0 left_arm=[ 8.1317596e-02  1.1007544e+00  9.5627165e-01 -8.6077231e-01
 -1.0693637e-05  9.8593622e-01] left_ee=[0.04319599 0.04312916] right_arm=[ 0.03376027  0.04292032  0.06892554 -0.02640904  0.01180806 -0.05191784] right_ee=[0.04396648 0.04396079]
step=111 env=0 left_arm=[ 9.9395901e-02  1.1086174e+00  9.5450664e-01 -8.4746933e-01
  1.0308349e-03  9.8974627e-01] left_ee=[0.04270142 0.04269203] right_arm=[ 0.03555974  0.05240034  0.07273711 -0.02098301  0.00757974 -0.05372651] right_ee=[0.04397794 0.04397923]
step=112 env=0 left_arm=[ 0.11171812  1.1125724   0.94283897 -0.8416018   0.0053225   1.0004559 ] left_ee=[0.04207391 0.04200478] right_arm=[ 0.03729685  0.07710089  0.07692759 -0.02014155  0.00447226 -0.06008937] right_ee=[0.04394858 0.04394619]
step=113 env=0 left_arm=[ 0.12163883  1.1183522   0.94523185 -0.84857774  0.00605957  1.0055351 ] left_ee=[0.04197472 0.04196505] right_arm=[ 0.03740227  0.07992123  0.0899906  -0.02521004  0.00482989 -0.07222616] right_ee=[0.04371069 0.04369799]
step=114 env=0 left_arm=[ 0.14418425  1.1547724   0.97702783 -0.8756701   0.00765935  1.0380242 ] left_ee=[0.04061818 0.04065651] right_arm=[ 0.03963258  0.08377408  0.09114559 -0.02357952 -0.00080947 -0.07400705] right_ee=[0.04349906 0.04350366]
step=115 env=0 left_arm=[ 0.14693314  1.1327225   0.96071726 -0.85918766  0.00686418  1.0233845 ] left_ee=[0.03958532 0.03953377] right_arm=[ 0.03480915  0.08251891  0.0950273  -0.02703603 -0.00268431 -0.0745182 ] right_ee=[0.04344481 0.04343006]
step=116 env=0 left_arm=[ 0.1577774   1.1503307   0.96652776 -0.876004    0.00912385  1.0293922 ] left_ee=[0.03854727 0.0385156 ] right_arm=[ 0.03625458  0.10402934  0.10390209 -0.02703281 -0.00834677 -0.0880929 ] right_ee=[0.04315603 0.0431622 ]
step=117 env=0 left_arm=[ 0.16341096  1.1515468   0.95979106 -0.8703964   0.00730501  1.0292468 ] left_ee=[0.0378163  0.03780064] right_arm=[ 0.03055416  0.09472118  0.10326327 -0.02572932 -0.00731539 -0.07892521] right_ee=[0.04318102 0.04316539]
step=118 env=0 left_arm=[ 0.16758771  1.1624606   0.97106016 -0.8835232   0.01429341  1.0265268 ] left_ee=[0.03677281 0.03678053] right_arm=[ 0.03027589  0.09362172  0.10831186 -0.03219829 -0.00676263 -0.08586065] right_ee=[0.04295636 0.04296189]
step=119 env=0 left_arm=[ 0.17206903  1.1437619   0.9583697  -0.8713795   0.0180803   1.0196589 ] left_ee=[0.03555213 0.03554688] right_arm=[ 0.0303038   0.09072641  0.11247674 -0.02672841 -0.00931107 -0.0949174 ] right_ee=[0.04267431 0.0426774 ]
step=120 env=0 left_arm=[ 0.1714896   1.1068207   0.9281747  -0.8400748   0.01405282  0.9883158 ] left_ee=[0.03446841 0.03445802] right_arm=[ 0.02965193  0.09087412  0.10623468 -0.02596172 -0.01137607 -0.09927858] right_ee=[0.04239707 0.04240304]
step=121 env=0 left_arm=[ 0.1739059   1.0954461   0.9110405  -0.836258    0.00675708  0.97282153] left_ee=[0.03365723 0.03363686] right_arm=[ 0.02611655  0.11191053  0.1078358  -0.0248898  -0.01705479 -0.10439683] right_ee=[0.04221398 0.04221374]
step=122 env=0 left_arm=[ 0.17824651  1.105409    0.93076295 -0.85279036  0.01880107  0.9863763 ] left_ee=[0.03230848 0.03236685] right_arm=[ 0.02636     0.09890392  0.11379964 -0.02999219 -0.01219709 -0.10433313] right_ee=[0.04202656 0.04201604]
step=123 env=0 left_arm=[ 0.18068439  1.0941654   0.911029   -0.8410046   0.02119398  0.9885148 ] left_ee=[0.03130475 0.03126374] right_arm=[ 0.02352574  0.12068548  0.1168503  -0.03005415 -0.01226925 -0.1148658 ] right_ee=[0.04190632 0.04191099]
step=124 env=0 left_arm=[ 0.17865846  1.0827976   0.90906197 -0.83023643  0.02130853  0.95672256] left_ee=[0.03051188 0.03055211] right_arm=[ 0.02350971  0.09926435  0.12034281 -0.02885018 -0.009949   -0.11872008] right_ee=[0.04164848 0.04164401]
step=125 env=0 left_arm=[ 0.18240222  1.0815601   0.8918829  -0.81381506  0.01824296  0.9654781 ] left_ee=[0.03031363 0.03028136] right_arm=[ 0.02166283  0.12434216  0.11712451 -0.0248038  -0.01696776 -0.11721069] right_ee=[0.04151498 0.04153396]
step=126 env=0 left_arm=[ 0.18262978  1.0831717   0.90083283 -0.82500595  0.01839346  0.9645319 ] left_ee=[0.02991174 0.02993454] right_arm=[ 0.02410489  0.11407059  0.12046169 -0.02556526 -0.02362532 -0.11818403] right_ee=[0.04121053 0.04120796]
step=127 env=0 left_arm=[ 0.18463507  1.08665     0.89848375 -0.8225379   0.01691912  0.97011286] left_ee=[0.02956104 0.02955302] right_arm=[ 0.02181235  0.12331794  0.12359617 -0.03127823 -0.02266912 -0.12691799] right_ee=[0.04097696 0.04096593]
step=128 env=0 left_arm=[ 0.18308397  1.0840011   0.8913352  -0.81483376  0.01829135  0.9481971 ] left_ee=[0.02968665 0.02967315] right_arm=[ 0.02200418  0.12230203  0.12933587 -0.0228812  -0.02063427 -0.12411808] right_ee=[0.04091625 0.04090779]
step=129 env=0 left_arm=[ 0.16658555  1.0371084   0.8715537  -0.7809329   0.02067347  0.8982715 ] left_ee=[0.02921735 0.02924779] right_arm=[ 0.02555135  0.1203974   0.12636209 -0.01742693 -0.02081996 -0.12865752] right_ee=[0.04077716 0.04078687]
step=130 env=0 left_arm=[ 0.17113441  1.0280108   0.8507813  -0.7761467   0.02273059  0.9003729 ] left_ee=[0.02948082 0.02944651] right_arm=[ 0.01974163  0.11852854  0.12879694 -0.02069075 -0.02317375 -0.13979754] right_ee=[0.04083995 0.04082971]
step=131 env=0 left_arm=[ 0.16967814  1.0290965   0.8613705  -0.769186    0.02677263  0.9003788 ] left_ee=[0.02949494 0.0295661 ] right_arm=[ 0.01983749  0.10925189  0.1273092  -0.01677384 -0.02063965 -0.13564777] right_ee=[0.04075778 0.04075978]
step=132 env=0 left_arm=[ 0.17003419  1.0172406   0.8468567  -0.7628774   0.02302132  0.8844088 ] left_ee=[0.02953677 0.02950151] right_arm=[ 0.01928698  0.10700947  0.12730286 -0.01822457 -0.02448437 -0.13459015] right_ee=[0.04072681 0.04073377]
step=133 env=0 left_arm=[ 0.17476706  1.0227724   0.8609813  -0.77736586  0.02166302  0.89768946] left_ee=[0.02928314 0.02932168] right_arm=[ 0.0173324   0.09944074  0.11956315 -0.02805731 -0.01706064 -0.13100383] right_ee=[0.04077943 0.04078043]
step=134 env=0 left_arm=[ 0.15918659  0.9795694   0.82311064 -0.72696656  0.02201626  0.84025145] left_ee=[0.02944829 0.02942061] right_arm=[ 0.02213204  0.09225059  0.11862297 -0.01976036 -0.01878989 -0.12508404] right_ee=[0.04077075 0.04077861]
step=135 env=0 left_arm=[ 0.1584127   0.9740584   0.81764114 -0.7286955   0.02405738  0.8302617 ] left_ee=[0.02933443 0.02934479] right_arm=[ 0.01785146  0.09520885  0.12325937 -0.02764753 -0.0163068  -0.13713598] right_ee=[0.04079651 0.04078468]
step=136 env=0 left_arm=[ 0.15517162  0.9280414   0.77718234 -0.6775998   0.02374349  0.79948825] left_ee=[0.02983648 0.02984796] right_arm=[ 0.01552502  0.06892945  0.10953906 -0.02829035 -0.01227069 -0.1147532 ] right_ee=[0.0408639  0.04086863]
step=137 env=0 left_arm=[ 0.1521134   0.92922527  0.7747295  -0.68301785  0.02069095  0.79794776] left_ee=[0.02965194 0.02965457] right_arm=[ 0.01656864  0.08136079  0.11457529 -0.03214116 -0.01222175 -0.13208856] right_ee=[0.040979   0.04098799]
step=138 env=0 left_arm=[ 0.14779587  0.9267717   0.7739699  -0.6782262   0.02381284  0.78501457] left_ee=[0.02935333 0.02937533] right_arm=[ 0.02050604  0.07796352  0.11828394 -0.02686229 -0.01448107 -0.13237001] right_ee=[0.04092425 0.04092495]
step=139 env=0 left_arm=[ 0.13229778  0.8818495   0.73499423 -0.6174233   0.03512928  0.7233042 ] left_ee=[0.0295819  0.02959076] right_arm=[ 0.01684319  0.065918    0.12438828 -0.02542388 -0.00988234 -0.12558322] right_ee=[0.04104373 0.04102343]
step=140 env=0 left_arm=[ 0.13654552  0.8716383   0.7242161  -0.6276331   0.02089885  0.73310703] left_ee=[0.02929918 0.02931626] right_arm=[ 0.01351877  0.06074828  0.109776   -0.04653009  0.00120623 -0.1313667 ] right_ee=[0.04105344 0.04107061]
step=141 env=0 left_arm=[ 0.12366964  0.84203714  0.6951539  -0.5797904   0.03412783  0.6934759 ] left_ee=[0.02933243 0.02934371] right_arm=[ 0.01752878  0.0652379   0.11827964 -0.02773397 -0.00743353 -0.11665265] right_ee=[0.04105532 0.04105978]
step=142 env=0 left_arm=[ 0.1158594   0.8053187   0.6603768  -0.55269676  0.03294608  0.6488393 ] left_ee=[0.02939544 0.02939655] right_arm=[ 0.01471197  0.06045483  0.11610203 -0.02677363 -0.00848424 -0.12112836] right_ee=[0.04106848 0.04105966]
step=143 env=0 left_arm=[ 0.11256235  0.7855121   0.65293926 -0.5364936   0.03199482  0.6370707 ] left_ee=[0.02955822 0.0296222 ] right_arm=[ 0.00962755  0.02727108  0.10416634 -0.03574533  0.00818727 -0.12395393] right_ee=[0.04111247 0.0411026 ]
step=144 env=0 left_arm=[ 0.10013669  0.7266345   0.5940453  -0.467365    0.0506992   0.5624425 ] left_ee=[0.02981748 0.02979841] right_arm=[ 0.01116386  0.01402951  0.10354717 -0.02181154  0.01024955 -0.111472  ] right_ee=[0.04122669 0.04124043]
step=145 env=0 left_arm=[ 0.09618452  0.71785676  0.57801193 -0.45004255  0.04424074  0.5527898 ] left_ee=[0.03015364 0.03019639] right_arm=[ 0.01113872  0.02785054  0.10703067 -0.01017863 -0.00229106 -0.10823342] right_ee=[0.04110727 0.04112312]
step=146 env=0 left_arm=[ 0.0823537   0.6679588   0.53493947 -0.3984214   0.05834964  0.4980632 ] left_ee=[0.02999787 0.03000934] right_arm=[ 0.01310773  0.02231563  0.09700437 -0.01094584  0.00742487 -0.10432599] right_ee=[0.04108658 0.04108389]
step=147 env=0 left_arm=[ 0.08110367  0.643111    0.5139266  -0.36821678  0.05167153  0.48117474] left_ee=[0.03022452 0.03028554] right_arm=[ 0.00563196 -0.01364637  0.09374836 -0.02387832  0.02105622 -0.11476183] right_ee=[0.04110582 0.04109105]
step=148 env=0 left_arm=[ 0.06702073  0.59818774  0.4705945  -0.33080855  0.05207378  0.42975697] left_ee=[0.02993125 0.02991106] right_arm=[ 0.00730915 -0.01503053  0.09998709 -0.02618573  0.02251925 -0.12105819] right_ee=[0.04086288 0.04088711]
step=149 env=0 left_arm=[ 0.06322166  0.5553565   0.42961803 -0.28131056  0.05531269  0.38891476] left_ee=[0.02999649 0.03003256] right_arm=[ 0.00349267 -0.01757443  0.09243503 -0.02059954  0.01869895 -0.10870321] right_ee=[0.04105074 0.04106451]
step=150 env=0 left_arm=[ 0.0429737   0.4520966   0.33168328 -0.18651687  0.04872796  0.29351622] left_ee=[0.03035658 0.03035785] right_arm=[ 0.00176514 -0.02867207  0.07587937 -0.01505118  0.00925416 -0.11745913] right_ee=[0.04115222 0.0411677 ]
step=151 env=0 left_arm=[-0.01594726  0.6385986   0.5172183  -0.38311887  0.0023653   0.48750818] left_ee=[0.03589245 0.03618173] right_arm=[ 0.0342068  -0.02788123  0.00010509 -0.0447353   0.03362554 -0.05577201] right_ee=[0.0416132  0.04174016]
step=152 env=0 left_arm=[-0.01441782  0.80918676  0.685718   -0.564668    0.00787496  0.66361797] left_ee=[0.03934365 0.03954624] right_arm=[ 0.03677585 -0.01358472  0.00236453 -0.05536337  0.0318959  -0.05504024] right_ee=[0.04226733 0.04225988]
step=153 env=0 left_arm=[-0.00791135  0.87609166  0.7363335  -0.62908566  0.01872521  0.7247077 ] left_ee=[0.04129885 0.0413548 ] right_arm=[ 4.5756649e-02 -3.9593924e-05  2.0777788e-02 -6.1559979e-02
  3.3753023e-02 -5.8534533e-02] right_ee=[0.04251976 0.04251233]
step=154 env=0 left_arm=[ 0.00305146  0.9062595   0.7512432  -0.6423912   0.0227842   0.73845863] left_ee=[0.04240652 0.04242684] right_arm=[ 0.04177437  0.01720434  0.03085857 -0.06436183  0.03104166 -0.06448128] right_ee=[0.04280702 0.04278805]
step=155 env=0 left_arm=[ 0.01505924  0.93564016  0.7652667  -0.6581432   0.03036655  0.7523154 ] left_ee=[0.04306848 0.04305825] right_arm=[ 0.04628675  0.06570996  0.05177003 -0.06727009  0.02889111 -0.07684872] right_ee=[0.04293378 0.04293565]
step=156 env=0 left_arm=[ 0.02345433  0.9654821   0.7748673  -0.66821814  0.03418999  0.77157223] left_ee=[0.04346317 0.04343561] right_arm=[ 0.0514608   0.09147523  0.07004913 -0.07177762  0.02705291 -0.08943006] right_ee=[0.04295446 0.04294703]
step=157 env=0 left_arm=[ 0.03209267  0.9892408   0.7907437  -0.6823991   0.0406707   0.7804188 ] left_ee=[0.04367882 0.04367763] right_arm=[ 0.05455934  0.11845725  0.08804772 -0.0793476   0.02855439 -0.09750962] right_ee=[0.04296213 0.0429496 ]
step=158 env=0 left_arm=[ 0.04680044  0.99386656  0.7935726  -0.69977957  0.0365069   0.78421956] left_ee=[0.04297601 0.04295866] right_arm=[ 0.06220084  0.1349094   0.10642096 -0.09672993  0.03540241 -0.12023658] right_ee=[0.04264599 0.04263909]
step=159 env=0 left_arm=[ 0.05420439  1.0178587   0.8047119  -0.70484495  0.04754638  0.794206  ] left_ee=[0.04248238 0.04246708] right_arm=[ 0.06370398  0.1608393   0.12743397 -0.10630276  0.02684855 -0.1269588 ] right_ee=[0.04230246 0.04229574]
step=160 env=0 left_arm=[ 0.06158129  1.035186    0.8107281  -0.71939343  0.05008754  0.8032346 ] left_ee=[0.04162354 0.04159366] right_arm=[ 0.07177587  0.1840612   0.1589297  -0.12994768  0.02844261 -0.1569974 ] right_ee=[0.04179138 0.04177671]
step=161 env=0 left_arm=[ 0.07146002  1.0358379   0.82006365 -0.7202319   0.04953903  0.7957555 ] left_ee=[0.04101316 0.04104719] right_arm=[ 0.0729375   0.19656293  0.1660755  -0.13699937  0.02733464 -0.17158566] right_ee=[0.04142202 0.0414152 ]
step=162 env=0 left_arm=[ 0.08134881  1.0342261   0.79887396 -0.7181873   0.05075474  0.799399  ] left_ee=[0.04041724 0.04033158] right_arm=[ 0.07939097  0.2381064   0.18050097 -0.14571995  0.02967016 -0.19433197] right_ee=[0.04120765 0.04120878]
step=163 env=0 left_arm=[ 0.09284799  1.0551405   0.8101782  -0.7353644   0.05323004  0.80542827] left_ee=[0.03961972 0.03963166] right_arm=[ 0.07657821  0.24655627  0.19172035 -0.1501102   0.03034572 -0.20971765] right_ee=[0.04028547 0.04025893]
step=164 env=0 left_arm=[ 0.09991953  1.0651894   0.82494664 -0.7523973   0.05868569  0.806057  ] left_ee=[0.03821661 0.03823031] right_arm=[ 0.08136819  0.25363395  0.19609588 -0.16152346  0.03411977 -0.222823  ] right_ee=[0.03946527 0.03947421]
step=165 env=0 left_arm=[ 0.10555239  1.0538989   0.82226485 -0.7537364   0.05450648  0.8025745 ] left_ee=[0.03699491 0.03699172] right_arm=[ 0.07647529  0.2465818   0.19729277 -0.16480319  0.03278667 -0.2189701 ] right_ee=[0.0388413  0.03882693]
step=166 env=0 left_arm=[ 0.11019933  1.0704392   0.8195997  -0.7603467   0.06431028  0.8072882 ] left_ee=[0.03556105 0.03551343] right_arm=[ 0.08039026  0.28821185  0.22185768 -0.16435443  0.02642939 -0.24165168] right_ee=[0.03795425 0.03795633]
step=167 env=0 left_arm=[ 0.11251341  1.0697423   0.82069796 -0.7616413   0.06231149  0.800771  ] left_ee=[0.03471781 0.03473315] right_arm=[ 0.07812129  0.28210995  0.2252821  -0.16905227  0.0338512  -0.24297874] right_ee=[0.03734252 0.03732788]
step=168 env=0 left_arm=[ 0.11683859  1.0725082   0.8210995  -0.7749387   0.06731212  0.7866138 ] left_ee=[0.0334801  0.03346527] right_arm=[ 0.08324695  0.29896468  0.24577358 -0.19179556  0.03322141 -0.2623813 ] right_ee=[0.03624209 0.03625005]
step=169 env=0 left_arm=[ 0.11890741  1.0680698   0.8223325  -0.7756406   0.07351633  0.7899271 ] left_ee=[0.03207877 0.03209633] right_arm=[ 0.08345244  0.2942524   0.25371292 -0.18955047  0.0299673  -0.2748362 ] right_ee=[0.03546795 0.03545378]
step=170 env=0 left_arm=[ 0.11786021  1.0409114   0.80307436 -0.7601398   0.06660126  0.76427466] left_ee=[0.03119314 0.03118751] right_arm=[ 0.08161577  0.29253164  0.25331813 -0.19504532  0.03018832 -0.28280175] right_ee=[0.03489031 0.03489754]
step=171 env=0 left_arm=[ 0.12082884  1.0434796   0.7961046  -0.765115    0.06019704  0.7614958 ] left_ee=[0.03033364 0.03032087] right_arm=[ 0.07642722  0.31253406  0.25234807 -0.19398844  0.02325165 -0.28964332] right_ee=[0.03430593 0.03432165]
step=172 env=0 left_arm=[ 0.12119223  1.0456405   0.806905   -0.7753568   0.06854461  0.7618724 ] left_ee=[0.02925524 0.02928225] right_arm=[ 0.08056512  0.30681688  0.27302498 -0.20973542  0.02875698 -0.295106  ] right_ee=[0.03365531 0.03362263]
step=173 env=0 left_arm=[ 0.1256837   1.0483394   0.7989946  -0.77305984  0.069429    0.77270645] left_ee=[0.02834686 0.02833229] right_arm=[ 0.07248145  0.32451102  0.26964113 -0.20749559  0.02910604 -0.3038691 ] right_ee=[0.03311992 0.03313947]
step=174 env=0 left_arm=[ 0.12654069  1.0405062   0.7940681  -0.7731271   0.06450675  0.7397749 ] left_ee=[0.02736818 0.02737215] right_arm=[ 0.07864754  0.31968293  0.28674588 -0.21524149  0.02358196 -0.3154378 ] right_ee=[0.03246209 0.03245159]
step=175 env=0 left_arm=[ 0.12901638  1.0420239   0.7868514  -0.7653416   0.06346168  0.755959  ] left_ee=[0.02682492 0.02681975] right_arm=[ 0.06977752  0.32941535  0.2772167  -0.21105404  0.02653047 -0.31635064] right_ee=[0.03204661 0.03206401]
step=176 env=0 left_arm=[ 0.1300444   1.0572973   0.8023015  -0.78784335  0.06822485  0.75206035] left_ee=[0.02634153 0.02634804] right_arm=[ 0.07573079  0.32650784  0.28745073 -0.2086876   0.01104719 -0.3119145 ] right_ee=[0.03170817 0.03170548]
step=177 env=0 left_arm=[ 0.1312289   1.0507594   0.7995323  -0.7844185   0.06759527  0.7490167 ] left_ee=[0.02587531 0.02588186] right_arm=[ 0.07210661  0.33629382  0.29242635 -0.21712327  0.00974454 -0.32177132] right_ee=[0.03102408 0.03101462]
step=178 env=0 left_arm=[ 0.1287774   1.0566071   0.802689   -0.78676695  0.06375729  0.74621737] left_ee=[0.02589897 0.02589669] right_arm=[ 0.0707787   0.3308009   0.30285323 -0.22695841  0.01958163 -0.32803896] right_ee=[0.03105999 0.03103453]
step=179 env=0 left_arm=[ 0.12371998  1.0351361   0.7917238  -0.7770798   0.06034904  0.7115372 ] left_ee=[0.02560065 0.02559695] right_arm=[ 0.07269976  0.328835    0.30415753 -0.22880228  0.0095567  -0.3290843 ] right_ee=[0.03087329 0.03089611]
step=180 env=0 left_arm=[ 0.12792312  1.0303565   0.78688645 -0.7930479   0.0590728   0.71155864] left_ee=[0.02579541 0.02578723] right_arm=[ 0.0656767   0.32888427  0.3090643  -0.23314461  0.01024365 -0.33802524] right_ee=[0.03096046 0.0309423 ]
step=181 env=0 left_arm=[ 0.12892449  1.0310738   0.7879459  -0.78301436  0.06107086  0.70439744] left_ee=[0.02612671 0.0261579 ] right_arm=[ 0.06279235  0.32782945  0.30689073 -0.22916548  0.00919519 -0.34181052] right_ee=[0.03093162 0.03094289]
step=182 env=0 left_arm=[ 0.12881705  1.0190402   0.78108495 -0.7795914   0.0550563   0.71813005] left_ee=[0.02604966 0.02604466] right_arm=[ 0.06222153  0.32209733  0.30492622 -0.23453043  0.01116525 -0.34142864] right_ee=[0.03082521 0.03083517]
step=183 env=0 left_arm=[ 0.13046479  1.019153    0.7923309  -0.8033278   0.0511941   0.70984435] left_ee=[0.02583405 0.02584364] right_arm=[ 0.06149512  0.3216427   0.30553025 -0.24104886  0.01069651 -0.34231034] right_ee=[0.03072011 0.03072571]
step=184 env=0 left_arm=[ 0.12478036  1.0057894   0.78780067 -0.78740484  0.04853143  0.6807362 ] left_ee=[0.02573984 0.02575158] right_arm=[ 0.05959149  0.29890758  0.30254906 -0.23729967  0.00924511 -0.33246654] right_ee=[0.03087817 0.03086054]
step=185 env=0 left_arm=[ 0.12418357  0.9838922   0.76415396 -0.77852225  0.04389492  0.6598316 ] left_ee=[0.02617923 0.02614569] right_arm=[ 0.0577828   0.31005666  0.3200496  -0.248349    0.00814723 -0.3507584 ] right_ee=[0.03088958 0.03087718]
step=186 env=0 left_arm=[ 0.12746     0.9637382   0.7666388  -0.7806422   0.04031644  0.65877235] left_ee=[0.0265713 0.0266169] right_arm=[ 0.05231627  0.26890597  0.29235643 -0.24243371  0.01441346 -0.32072556] right_ee=[0.03119722 0.031222  ]
step=187 env=0 left_arm=[ 0.12541442  0.96838933  0.7570234  -0.7774368   0.03363872  0.64392835] left_ee=[0.02634205 0.02630991] right_arm=[ 0.05498493  0.2845274   0.3048012  -0.24964122  0.01274627 -0.3408457 ] right_ee=[0.03126451 0.03127007]
step=188 env=0 left_arm=[ 0.12249439  0.9484803   0.7424714  -0.75112426  0.03552752  0.6372316 ] left_ee=[0.0264922  0.02649965] right_arm=[ 0.05694395  0.2749638   0.3077241  -0.2455347   0.0126099  -0.33609888] right_ee=[0.0315334  0.03152118]
step=189 env=0 left_arm=[ 0.11132562  0.91103053  0.7184484  -0.7201985   0.03464092  0.59961116] left_ee=[0.0272703 0.0272663] right_arm=[ 0.04734451  0.25848424  0.30379644 -0.23398282  0.01401486 -0.32130593] right_ee=[0.03196017 0.03194112]
step=190 env=0 left_arm=[ 0.11485422  0.9086668   0.7200835  -0.7352535   0.027077    0.6024638 ] left_ee=[0.02693649 0.02695813] right_arm=[ 0.04676099  0.25459197  0.2893613  -0.24016394  0.02129465 -0.3245641 ] right_ee=[0.03199039 0.03203866]
step=191 env=0 left_arm=[ 0.10902671  0.86430955  0.69035745 -0.68709385  0.02677309  0.5845184 ] left_ee=[0.02731956 0.02732982] right_arm=[ 0.04513297  0.22788064  0.2810335  -0.21771991  0.01772034 -0.2983312 ] right_ee=[0.03255684 0.03253154]
step=192 env=0 left_arm=[ 0.10353045  0.8351363   0.6563898  -0.6668215   0.02895235  0.54903233] left_ee=[0.02748417 0.02744318] right_arm=[ 0.04245272  0.23412213  0.2783563  -0.21809211  0.01619356 -0.3047661 ] right_ee=[0.03278879 0.0328021 ]
step=193 env=0 left_arm=[ 0.09687939  0.7986679   0.64550596 -0.6384772   0.02332621  0.51417404] left_ee=[0.02785556 0.02792164] right_arm=[ 0.03617149  0.19592755  0.26366633 -0.21186906  0.02267948 -0.2916284 ] right_ee=[0.03321828 0.03320321]
step=194 env=0 left_arm=[ 0.0911456   0.77286947  0.6205284  -0.598188    0.03655839  0.48911405] left_ee=[0.02807275 0.02806871] right_arm=[ 0.03120121  0.15621866  0.23424183 -0.18897222  0.02839598 -0.2630041 ] right_ee=[0.03386313 0.03387932]
step=195 env=0 left_arm=[ 0.08931943  0.737519    0.5810608  -0.570637    0.02749072  0.47918576] left_ee=[0.02853033 0.02851757] right_arm=[ 0.03067542  0.17853831  0.23837076 -0.18659072  0.01741882 -0.27027902] right_ee=[0.03413311 0.03415779]
step=196 env=0 left_arm=[ 0.07972925  0.68977493  0.5428205  -0.51895463  0.04141888  0.44339204] left_ee=[0.0284605  0.02847169] right_arm=[ 0.0271328   0.1299583   0.20651689 -0.16492516  0.02525708 -0.23868938] right_ee=[0.03444837 0.03443948]
step=197 env=0 left_arm=[ 0.07606518  0.65440917  0.5142179  -0.47902998  0.04070603  0.4157472 ] left_ee=[0.028708   0.02874683] right_arm=[ 0.02268826  0.09407513  0.19757889 -0.15928853  0.02714402 -0.23354624] right_ee=[0.03474714 0.03473599]
step=198 env=0 left_arm=[ 0.06251185  0.5983009   0.4547644  -0.43119165  0.04417473  0.36288887] left_ee=[0.02846137 0.02843086] right_arm=[ 0.02314865  0.08940102  0.19757122 -0.15706195  0.03115037 -0.23608999] right_ee=[0.03466399 0.03467421]
step=199 env=0 left_arm=[ 0.05814807  0.5614462   0.4185338  -0.3789774   0.04705193  0.33526784] left_ee=[0.02869055 0.02873882] right_arm=[ 0.01411639  0.07913322  0.1779792  -0.13398582  0.01563269 -0.20745839] right_ee=[0.03526751 0.03528617]
step=200 env=0 left_arm=[ 0.04977557  0.47483635  0.33904985 -0.3000435   0.0433464   0.27550858] left_ee=[0.02935637 0.02936725] right_arm=[ 0.01207706  0.04485368  0.14459103 -0.1148911   0.00915835 -0.19684428] right_ee=[0.03578452 0.03580165]
step=201 env=0 left_arm=[-0.016774    0.66351134  0.52642435 -0.49351317 -0.01577285  0.4725281 ] left_ee=[0.03531934 0.03559449] right_arm=[ 0.02835493 -0.03788817 -0.00146736 -0.03431802  0.02608638 -0.05418576] right_ee=[0.03844626 0.03856575]
step=202 env=0 left_arm=[-0.02081859  0.85009396  0.710412   -0.6309211  -0.01202278  0.66295445] left_ee=[0.03884835 0.03937441] right_arm=[ 0.02717742 -0.03917318 -0.01165126 -0.0213384   0.02197558 -0.03694158] right_ee=[0.04035985 0.04036706]
step=203 env=0 left_arm=[-0.01778018  0.9744298   0.8146809  -0.6829083   0.00229727  0.79530376] left_ee=[0.04112024 0.04118104] right_arm=[ 0.03615364 -0.02440583  0.0060162  -0.0217396   0.02317026 -0.03267242] right_ee=[0.04123527 0.04124079]
step=204 env=0 left_arm=[-0.01030245  1.0169694   0.839995   -0.695762    0.00427211  0.81501913] left_ee=[0.04236441 0.04227206] right_arm=[ 0.03176304 -0.0206126   0.0155011  -0.02239256  0.01938387 -0.03559172] right_ee=[0.0420397  0.04202344]
step=205 env=0 left_arm=[-0.00259924  1.0536567   0.8639159  -0.71968704  0.01453516  0.8320794 ] left_ee=[0.04305252 0.04298521] right_arm=[ 0.03158079  0.01621555  0.02462554 -0.02279929  0.01465098 -0.03782175] right_ee=[0.04240036 0.04240289]
step=206 env=0 left_arm=[ 0.00616795  1.0813447   0.8657605  -0.72215855  0.01497846  0.8491759 ] left_ee=[0.04346279 0.04339492] right_arm=[ 0.0371949   0.03708597  0.04398162 -0.02305334  0.0144745  -0.04658199] right_ee=[0.04253002 0.04252863]
step=207 env=0 left_arm=[ 0.01388969  1.1084664   0.8884786  -0.7411671   0.01842717  0.86715657] left_ee=[0.04366826 0.04367213] right_arm=[ 0.03875489  0.0525027   0.05969725 -0.02738566  0.01149527 -0.05180576] right_ee=[0.04248802 0.04248005]
step=208 env=0 left_arm=[ 0.02659622  1.129917    0.9009835  -0.76715225  0.01672113  0.8806814 ] left_ee=[0.04304302 0.04300936] right_arm=[ 0.04512658  0.05974938  0.07196436 -0.03852227  0.01745264 -0.06174464] right_ee=[0.04228692 0.04228192]
step=209 env=0 left_arm=[ 0.03458454  1.1457831   0.9145495  -0.77847385  0.01974266  0.89103526] left_ee=[0.04251723 0.04251703] right_arm=[ 0.04675334  0.07024081  0.09214454 -0.04554449  0.00520414 -0.06463316] right_ee=[0.04198475 0.04198137]
step=210 env=0 left_arm=[ 0.04169466  1.1792858   0.9307505  -0.7991086   0.02256013  0.91201353] left_ee=[0.04164113 0.0416048 ] right_arm=[ 0.05107534  0.08598288  0.11363803 -0.06516936  0.01060913 -0.09073332] right_ee=[0.04165845 0.04164181]
step=211 env=0 left_arm=[ 0.05185387  1.1764117   0.9329339  -0.79142976  0.01631243  0.8970607 ] left_ee=[0.04084037 0.04086019] right_arm=[ 0.05074256  0.09455018  0.11829717 -0.07364517  0.00965073 -0.10688704] right_ee=[0.04151435 0.04150926]
step=212 env=0 left_arm=[ 0.06383359  1.1814257   0.9152621  -0.793046    0.0156053   0.9062521 ] left_ee=[0.03992045 0.03982742] right_arm=[ 0.05481364  0.13260642  0.12349521 -0.08061204  0.01176115 -0.12364482] right_ee=[0.04135229 0.04135676]
step=213 env=0 left_arm=[ 0.07316376  1.186155    0.90859234 -0.7983321   0.01716242  0.89846414] left_ee=[0.03920467 0.0391856 ] right_arm=[ 0.05380739  0.14244975  0.13944767 -0.09091713  0.01723318 -0.13570867] right_ee=[0.04067018 0.04064734]
step=214 env=0 left_arm=[ 0.08038499  1.2024333   0.93177956 -0.824572    0.01701074  0.90524715] left_ee=[0.03733436 0.03737732] right_arm=[ 0.05593297  0.14414337  0.13324228 -0.0948761   0.0176002  -0.14178635] right_ee=[0.04005158 0.04006591]
step=215 env=0 left_arm=[ 0.08406051  1.1911714   0.9296405  -0.82761484  0.01159235  0.8948209 ] left_ee=[0.0356071  0.03560219] right_arm=[ 0.051625    0.1438844   0.13928507 -0.10222637  0.01648384 -0.14533153] right_ee=[0.03946408 0.03945156]
step=216 env=0 left_arm=[ 0.08819156  1.2014384   0.92258763 -0.8282794   0.0170717   0.89193964] left_ee=[0.03445022 0.03440563] right_arm=[ 0.05477999  0.17564927  0.15432963 -0.10112564  0.00937646 -0.15754043] right_ee=[0.03877651 0.03878528]
step=217 env=0 left_arm=[ 0.09111277  1.2056512   0.91851103 -0.82911783  0.01471312  0.89215183] left_ee=[0.03353047 0.03352543] right_arm=[ 0.05045567  0.16806677  0.15617366 -0.10996149  0.01672612 -0.16265813] right_ee=[0.03840908 0.03839122]
step=218 env=0 left_arm=[ 0.09389225  1.2037003   0.9184534  -0.8316629   0.01797711  0.874002  ] left_ee=[0.03218877 0.03219949] right_arm=[ 0.05384482  0.17889422  0.16980478 -0.12670805  0.01827186 -0.17514075] right_ee=[0.03764984 0.03765923]
step=219 env=0 left_arm=[ 0.09780101  1.199819    0.90998465 -0.8307498   0.02272684  0.86908925] left_ee=[0.03062847 0.03061606] right_arm=[ 0.05268045  0.17148551  0.17887999 -0.12167396  0.01744927 -0.18587072] right_ee=[0.03706556 0.03705295]
step=220 env=0 left_arm=[ 0.09469017  1.1696455   0.8826344  -0.8079542   0.01705097  0.8313475 ] left_ee=[0.0298703  0.02986114] right_arm=[ 0.05199917  0.17463966  0.17595124 -0.12769186  0.01749161 -0.19208421] right_ee=[0.03660041 0.03661748]
step=221 env=0 left_arm=[ 0.09574372  1.1617473   0.86835027 -0.8126322   0.00869537  0.8191489 ] left_ee=[0.0288858  0.02887491] right_arm=[ 0.04873142  0.19532192  0.17452028 -0.12591863  0.00492847 -0.19538428] right_ee=[0.03605333 0.0360672 ]
step=222 env=0 left_arm=[ 0.09722622  1.171022    0.88544714 -0.8262503   0.01884738  0.8229455 ] left_ee=[0.02752759 0.02758257] right_arm=[ 0.04931072  0.18899344  0.19422194 -0.13763916  0.01352955 -0.20689069] right_ee=[0.03558281 0.03554764]
step=223 env=0 left_arm=[ 0.10184655  1.1652288   0.8669662  -0.81761414  0.02318535  0.83195096] left_ee=[0.02653167 0.02649941] right_arm=[ 0.04493869  0.20770602  0.18910821 -0.13872333  0.0143678  -0.2138585 ] right_ee=[0.03528943 0.03531424]
step=224 env=0 left_arm=[ 0.10203839  1.1611038   0.86883223 -0.8183211   0.01374467  0.8033276 ] left_ee=[0.0256276 0.025661 ] right_arm=[ 0.04745219  0.18721804  0.20035015 -0.14370795  0.01267752 -0.22032301] right_ee=[0.03485152 0.03483754]
step=225 env=0 left_arm=[ 0.10611444  1.1642557   0.85575104 -0.8083364   0.01382733  0.81523526] left_ee=[0.02491186 0.0248834 ] right_arm=[ 0.04300515  0.20871936  0.19556786 -0.14860626  0.01454161 -0.22233905] right_ee=[0.0345345  0.03455731]
step=226 env=0 left_arm=[ 0.10716955  1.1688447   0.87215555 -0.8279083   0.0161754   0.81743544] left_ee=[0.02458545 0.0246152 ] right_arm=[ 0.04642142  0.19601883  0.19943917 -0.13873985  0.00258384 -0.2163615 ] right_ee=[0.03430365 0.03429645]
step=227 env=0 left_arm=[ 0.10812226  1.158815    0.8617663  -0.82330585  0.01688173  0.8132984 ] left_ee=[0.02387779 0.02386028] right_arm=[ 0.04308163  0.21250677  0.2078592  -0.14860554  0.00497555 -0.2298026 ] right_ee=[0.03377391 0.03376151]
step=228 env=0 left_arm=[ 0.10652965  1.170815    0.8649581  -0.82540697  0.01312025  0.8088089 ] left_ee=[0.02396899 0.02397018] right_arm=[ 0.04209773  0.19822769  0.21138562 -0.15356241  0.00975625 -0.23156986] right_ee=[0.03392528 0.03391381]
step=229 env=0 left_arm=[ 0.10100266  1.1511213   0.8626995  -0.82393134  0.01139122  0.781269  ] left_ee=[0.02363354 0.0236469 ] right_arm=[ 0.04307692  0.19448528  0.205134   -0.14845397  0.00510931 -0.22667411] right_ee=[0.03379279 0.03381231]
step=230 env=0 left_arm=[ 0.1056018   1.1404172   0.8482241  -0.82576525  0.01142257  0.7770372 ] left_ee=[0.02365038 0.02363088] right_arm=[ 0.03845846  0.19333471  0.21517336 -0.15817778  0.00744669 -0.24023005] right_ee=[0.03379377 0.03377499]
step=231 env=0 left_arm=[ 0.10279458  1.1361232   0.84666467 -0.81362885  0.0157181   0.7648964 ] left_ee=[0.02398453 0.02401242] right_arm=[ 0.03549247  0.19780032  0.22018225 -0.15953696  0.00751324 -0.2460838 ] right_ee=[0.03377192 0.03377735]
step=232 env=0 left_arm=[ 0.10400929  1.1170253   0.8368359  -0.80546     0.01106719  0.7703136 ] left_ee=[0.02408732 0.02409592] right_arm=[ 0.03566967  0.18416806  0.21154073 -0.15311396  0.00411842 -0.23804395] right_ee=[0.03389463 0.03390953]
step=233 env=0 left_arm=[ 0.10445226  1.1145205   0.8478796  -0.8283619   0.00403544  0.76901436] left_ee=[0.02396975 0.0239846 ] right_arm=[ 0.03439749  0.18462805  0.21178173 -0.16414645  0.01023211 -0.24283229] right_ee=[0.0338662  0.03386731]
step=234 env=0 left_arm=[ 0.09988061  1.1009077   0.8359304  -0.81066984  0.00472705  0.7364931 ] left_ee=[0.02375931 0.0237538 ] right_arm=[ 0.03507781  0.16095397  0.20750745 -0.15554987  0.00941727 -0.23001492] right_ee=[0.03391492 0.03390627]
step=235 env=0 left_arm=[ 0.10037751  1.0868671   0.8201319  -0.80819637  0.00406487  0.723371  ] left_ee=[0.02395418 0.02393615] right_arm=[ 0.03106976  0.17662582  0.22497436 -0.1663586   0.01052537 -0.25043   ] right_ee=[0.03385631 0.0338441 ]
step=236 env=0 left_arm=[ 0.10231344  1.0555791   0.80986595 -0.7954027   0.00109841  0.71462435] left_ee=[0.02443946 0.02448115] right_arm=[ 0.02831351  0.13099106  0.1964882  -0.15491165  0.01538744 -0.22106975] right_ee=[0.03415406 0.03417131]
step=237 env=0 left_arm=[ 0.10030855  1.0616405   0.7974022  -0.79667    -0.0081522   0.7018465 ] left_ee=[0.02439418 0.02435189] right_arm=[ 0.03054998  0.14591463  0.20166793 -0.16250972  0.0133279  -0.24009022] right_ee=[0.03428695 0.03430216]
step=238 env=0 left_arm=[ 0.09274416  1.0426447   0.79424596 -0.7739071  -0.00467235  0.6880627 ] left_ee=[0.02439765 0.02443747] right_arm=[ 0.03228029  0.13911103  0.20761159 -0.15751538  0.01250035 -0.23299374] right_ee=[0.03453937 0.03452044]
step=239 env=0 left_arm=[ 0.08730528  1.0131977   0.7725897  -0.74171233  0.00535462  0.6501574 ] left_ee=[0.02474779 0.0247462 ] right_arm=[ 0.02706563  0.10769583  0.20415147 -0.14571694  0.01103509 -0.22546002] right_ee=[0.03495166 0.03492984]
step=240 env=0 left_arm=[ 0.08710378  1.0068362   0.7650763  -0.7485597  -0.00287327  0.65388185] left_ee=[0.02445656 0.02445756] right_arm=[ 0.02834974  0.11917011  0.19541365 -0.1541208   0.01934514 -0.22771238] right_ee=[0.03491731 0.03495266]
step=241 env=0 left_arm=[ 0.08053752  0.9749202   0.7447176  -0.7099247   0.00565959  0.6392037 ] left_ee=[0.02464885 0.02466997] right_arm=[ 0.02761028  0.09385645  0.18946764 -0.1330981   0.01042529 -0.2017833 ] right_ee=[0.03528688 0.03526722]
step=242 env=0 left_arm=[ 0.07204332  0.93717825  0.70617115 -0.6788273   0.01019765  0.59527135] left_ee=[0.02469181 0.02466213] right_arm=[ 0.0268654   0.09164129  0.18448251 -0.12362855  0.00799891 -0.19656059] right_ee=[0.03556694 0.03556542]
step=243 env=0 left_arm=[ 0.06887589  0.9130732   0.70681494 -0.6670881   0.00542656  0.56917036] left_ee=[0.02495695 0.02503929] right_arm=[ 0.02238411  0.066135    0.18021286 -0.1303102   0.01627353 -0.19940986] right_ee=[0.0358075  0.03579339]
step=244 env=0 left_arm=[ 0.06153246  0.8766958   0.6755575  -0.615384    0.02259156  0.53400683] left_ee=[0.02527622 0.02527353] right_arm=[ 0.02011894  0.04804594  0.165368   -0.11318955  0.01983299 -0.18167955] right_ee=[0.03633922 0.03635138]
step=245 env=0 left_arm=[ 0.06229781  0.8712433   0.6569323  -0.6078453   0.01708943  0.53806114] left_ee=[0.02547155 0.02546639] right_arm=[ 0.02046454  0.06115678  0.16817023 -0.1088642   0.01268737 -0.17972817] right_ee=[0.03642476 0.03644118]
step=246 env=0 left_arm=[ 0.04935911  0.8260058   0.6300035  -0.5574977   0.03467532  0.4958333 ] left_ee=[0.02512666 0.02515698] right_arm=[ 0.01850348  0.04211419  0.15529285 -0.09356726  0.01160828 -0.16090141] right_ee=[0.03662588 0.03662006]
step=247 env=0 left_arm=[ 0.04762838  0.7915805   0.60362804 -0.5163403   0.03614352  0.46384698] left_ee=[0.0254903  0.02553498] right_arm=[ 0.01518482  0.01748545  0.155342   -0.09198368  0.01215937 -0.15998836] right_ee=[0.03690208 0.03688888]
step=248 env=0 left_arm=[ 0.03663226  0.7444326   0.54960114 -0.48134258  0.04053997  0.4117223 ] left_ee=[0.02539257 0.02534743] right_arm=[ 0.01589437  0.02160853  0.15136836 -0.08737751  0.01473418 -0.15469095] right_ee=[0.03673616 0.03675089]
step=249 env=0 left_arm=[ 0.02807383  0.68329364  0.50387615 -0.4097867   0.05287422  0.36362237] left_ee=[0.02536147 0.02542534] right_arm=[ 0.01125174  0.01766059  0.15050064 -0.07166702  0.00501919 -0.14226793] right_ee=[0.03707433 0.03707067]
step=250 env=0 left_arm=[ 0.01849364  0.59025025  0.4180276  -0.32589006  0.04508295  0.30003893] left_ee=[0.02622444 0.02624662] right_arm=[ 0.01076927 -0.00462108  0.12815815 -0.06330086 -0.00147313 -0.13525768] right_ee=[0.03742708 0.03744106]
step=251 env=0 left_arm=[-0.09015933  0.7816926   0.60927486 -0.5240011   0.01594516  0.49918666] left_ee=[0.03310305 0.03326407] right_arm=[ 0.03159673 -0.04134067  0.02409966 -0.05776241  0.02858171 -0.0313554 ] right_ee=[0.03941226 0.03954003]
step=252 env=0 left_arm=[-0.0990609   0.98022133  0.8067427  -0.71696085  0.02169939  0.6957269 ] left_ee=[0.03706815 0.03749111] right_arm=[ 0.02819543 -0.04869244  0.01674071 -0.05680686  0.02808039 -0.01956834] right_ee=[0.04090374 0.04092847]
step=253 env=0 left_arm=[-0.09800304  1.1712282   0.9932831  -0.867862    0.0313695   0.8816008 ] left_ee=[0.03897268 0.03951709] right_arm=[ 0.0334947  -0.03891354  0.02186121 -0.05508307  0.02447704 -0.01343344] right_ee=[0.04171247 0.04173497]
step=254 env=0 left_arm=[-0.08847116  1.3066378   1.0902306  -0.9142235   0.03303266  0.95622385] left_ee=[0.04041354 0.04041274] right_arm=[ 0.02657751 -0.04379744  0.0226717  -0.05402864  0.02250253 -0.01014928] right_ee=[0.04237015 0.04235782]
step=255 env=0 left_arm=[-0.07423118  1.3463831   1.1193228  -0.9423502   0.03462674  0.9822872 ] left_ee=[0.04037401 0.04025184] right_arm=[ 0.02783793 -0.02614945  0.02032475 -0.04504592  0.01789399 -0.00785328] right_ee=[0.04276206 0.04277295]
step=256 env=0 left_arm=[-0.06729338  1.3730907   1.1304641  -0.9539252   0.03684453  1.0009509 ] left_ee=[0.04004868 0.03995198] right_arm=[ 0.02825047 -0.02003259  0.02283406 -0.04339737  0.01700101 -0.00939163] right_ee=[0.04304488 0.04304193]
step=257 env=0 left_arm=[-0.05604432  1.395739    1.1465163  -0.9718922   0.04338124  1.0185411 ] left_ee=[0.03973033 0.03969644] right_arm=[ 0.02992282 -0.01061157  0.02890346 -0.03588735  0.01151393 -0.0053821 ] right_ee=[0.04311742 0.04311856]
step=258 env=0 left_arm=[-0.04112036  1.408129    1.1619163  -1.0003511   0.03243466  1.0328481 ] left_ee=[0.03813886 0.03812554] right_arm=[ 0.03249161 -0.01107942  0.02938231 -0.03877473  0.01392274 -0.00822748] right_ee=[0.04319042 0.04318327]
step=259 env=0 left_arm=[-0.03579705  1.4209213   1.170004   -1.0045251   0.0390032   1.0379404 ] left_ee=[0.03721251 0.03719278] right_arm=[ 0.03201432 -0.00966537  0.03767598 -0.03899392  0.00376785 -0.00692994] right_ee=[0.04325859 0.04325732]
step=260 env=0 left_arm=[-0.02679674  1.4424223   1.1896099  -1.0361893   0.03798483  1.0599322 ] left_ee=[0.03574023 0.03572768] right_arm=[ 0.03507299 -0.00426647  0.04131524 -0.04418321  0.0051339  -0.01288901] right_ee=[0.0431842  0.04317602]
step=261 env=0 left_arm=[-0.01502987  1.4487033   1.1921023  -1.0397921   0.03509882  1.0609306 ] left_ee=[0.0346589  0.03465714] right_arm=[ 0.03414094 -0.01141694  0.03550366 -0.04039373  0.00745666 -0.01112951] right_ee=[0.04323918 0.04322951]
step=262 env=0 left_arm=[-0.0016915   1.4503615   1.1761417  -1.0427396   0.03237418  1.0645958 ] left_ee=[0.03334975 0.03329607] right_arm=[ 0.03622322  0.01182664  0.03179611 -0.04199824  0.00842166 -0.01379051] right_ee=[0.04318552 0.04318858]
step=263 env=0 left_arm=[ 0.01187274  1.4509239   1.1696153  -1.0501161   0.02792794  1.0677102 ] left_ee=[0.03273585 0.03273357] right_arm=[ 0.03299651  0.0151914   0.03621815 -0.04158145  0.01190701 -0.02209364] right_ee=[0.0428849 0.0428768]
step=264 env=0 left_arm=[ 0.01792701  1.4669366   1.1907598  -1.0744755   0.02646252  1.0744683 ] left_ee=[0.03104158 0.03107191] right_arm=[ 0.03521573  0.01033365  0.03440729 -0.04233671  0.01121363 -0.02202279] right_ee=[0.04272097 0.04273124]
step=265 env=0 left_arm=[ 0.02563433  1.4561257   1.1869416  -1.0775424   0.02397109  1.0675967 ] left_ee=[0.02931407 0.02930658] right_arm=[ 0.03022241  0.00444433  0.03359573 -0.0393837   0.01119087 -0.01545521] right_ee=[0.04264744 0.0426401 ]
step=266 env=0 left_arm=[ 0.02890618  1.467769    1.1911727  -1.0882897   0.03096877  1.072347  ] left_ee=[0.02771006 0.02769954] right_arm=[ 0.03376215  0.02651577  0.04356794 -0.03718058  0.00314522 -0.02121662] right_ee=[0.04240819 0.04242282]
step=267 env=0 left_arm=[ 0.03737037  1.4663805   1.18725    -1.0892093   0.0251538   1.0786797 ] left_ee=[0.02682007 0.02682578] right_arm=[ 0.03091302  0.01453897  0.04007277 -0.03428771  0.00895576 -0.01694341] right_ee=[0.04237333 0.04235684]
step=268 env=0 left_arm=[ 0.0406349   1.4677361   1.1921773  -1.1000235   0.02746864  1.0666279 ] left_ee=[0.02564883 0.02564988] right_arm=[ 0.03363388  0.01633609  0.04698535 -0.04015756  0.00662574 -0.02395269] right_ee=[0.04210055 0.04211021]
step=269 env=0 left_arm=[ 0.0464897   1.4615643   1.1874217  -1.101837    0.02971539  1.0645754 ] left_ee=[0.02398698 0.02398637] right_arm=[ 0.0334778   0.00946015  0.05192551 -0.03476577  0.00238316 -0.03017288] right_ee=[0.04189831 0.04189588]
step=270 env=0 left_arm=[ 0.04752408  1.4371847   1.1654484  -1.0854982   0.02254576  1.0385636 ] left_ee=[0.02319819 0.02318644] right_arm=[ 0.03321577  0.00542669  0.04943264 -0.03842125  0.00545496 -0.03449547] right_ee=[0.04176211 0.04175694]
step=271 env=0 left_arm=[ 0.05145635  1.4267895   1.1540178  -1.0881962   0.01468341  1.0381719 ] left_ee=[0.02219171 0.02219207] right_arm=[ 0.03132779  0.01830509  0.044007   -0.03459831 -0.00038591 -0.03235886] right_ee=[0.04164109 0.04164541]
step=272 env=0 left_arm=[ 0.05310172  1.4403236   1.1723937  -1.1021603   0.02407887  1.0383967 ] left_ee=[0.02106086 0.02110587] right_arm=[ 0.03238274  0.01112977  0.05876195 -0.03473486  0.00059645 -0.03665047] right_ee=[0.04146064 0.04145573]
step=273 env=0 left_arm=[ 0.05953323  1.4411049   1.1638415  -1.0961678   0.02485917  1.0486829 ] left_ee=[0.02010067 0.02009053] right_arm=[ 0.02998029  0.02167527  0.05170909 -0.03147665 -0.00011878 -0.03506576] right_ee=[0.04139941 0.04140028]
step=274 env=0 left_arm=[ 0.06141867  1.4307302   1.1596062  -1.101933    0.02228748  1.0264107 ] left_ee=[0.01908362 0.01907468] right_arm=[ 0.03249042  0.00747331  0.06088588 -0.03332135 -0.00200216 -0.04433909] right_ee=[0.04118837 0.0411928 ]
step=275 env=0 left_arm=[ 0.06768624  1.4319866   1.1479841  -1.0899086   0.01960644  1.0380471 ] left_ee=[0.01856322 0.01856742] right_arm=[ 0.02893002  0.0193634   0.05184794 -0.02874647  0.00117813 -0.0427408 ] right_ee=[0.04106164 0.04105777]
step=276 env=0 left_arm=[ 0.06909606  1.4425429   1.1671131  -1.1111032   0.02167991  1.0461934 ] left_ee=[0.01812139 0.01814121] right_arm=[ 0.03189278  0.01713831  0.0597783  -0.02856855 -0.00781744 -0.04412969] right_ee=[0.04101235 0.04102371]
step=277 env=0 left_arm=[ 0.07141797  1.4313356   1.1552716  -1.1019255   0.02135904  1.0355134 ] left_ee=[0.01774903 0.01773242] right_arm=[ 0.02992134  0.01881112  0.05519706 -0.03332795 -0.00487732 -0.04765162] right_ee=[0.04077582 0.04076459]
step=278 env=0 left_arm=[ 0.06968896  1.4359533   1.1546459  -1.106727    0.01921789  1.0322614 ] left_ee=[0.01797151 0.01796485] right_arm=[ 0.03002611  0.00950324  0.06083416 -0.03409449 -0.003816   -0.04984827] right_ee=[0.04088553 0.04088353]
step=279 env=0 left_arm=[ 0.06646825  1.4133929   1.1439714  -1.0999198   0.01971126  1.0045776 ] left_ee=[0.01793085 0.0179297 ] right_arm=[ 0.03066311  0.00912464  0.06033557 -0.03271087 -0.00657946 -0.05278683] right_ee=[0.04082619 0.0408309 ]
step=280 env=0 left_arm=[ 0.07609078  1.4052346   1.1295482  -1.105269    0.01686571  1.0039555 ] left_ee=[0.01828563 0.01828207] right_arm=[ 0.02688788  0.00371202  0.06439955 -0.04050775 -0.00699306 -0.06075807] right_ee=[0.04095673 0.04094949]
step=281 env=0 left_arm=[ 0.07515448  1.3981616   1.1287353  -1.0935858   0.01706935  0.99490273] left_ee=[0.01878801 0.0188272 ] right_arm=[ 0.02561529  0.00426929  0.06657211 -0.04012882 -0.0072028  -0.06585672] right_ee=[0.04090834 0.04091126]
step=282 env=0 left_arm=[ 0.0755965   1.3862729   1.1200815  -1.085668    0.01766801  0.9981638 ] left_ee=[0.01882992 0.01882377] right_arm=[ 0.02583184 -0.00649643  0.05890932 -0.03674462 -0.00750826 -0.05430534] right_ee=[0.04097215 0.04097734]
step=283 env=0 left_arm=[ 0.08260228  1.3867679   1.1192046  -1.1014615   0.01225754  0.99602604] left_ee=[0.01883536 0.01883182] right_arm=[ 0.02538533 -0.0035477   0.06108287 -0.04460349 -0.00413245 -0.05920578] right_ee=[0.04100758 0.04100632]
step=284 env=0 left_arm=[ 0.07524117  1.3600143   1.1004932  -1.0811676   0.0116849   0.9661874 ] left_ee=[0.01930798 0.01930263] right_arm=[ 0.02614263 -0.01631014  0.05679083 -0.04068423 -0.0020284  -0.05231868] right_ee=[0.04107316 0.04107527]
step=285 env=0 left_arm=[ 0.08019561  1.3411489   1.0808632  -1.0746037   0.01120877  0.94734293] left_ee=[0.01994102 0.01994051] right_arm=[ 0.02377434 -0.01599891  0.06968895 -0.04197324 -0.00580812 -0.06588428] right_ee=[0.04110671 0.04110558]
step=286 env=0 left_arm=[ 0.0860889   1.3045707   1.0556062  -1.0562842   0.00789024  0.92978406] left_ee=[0.02076112 0.0207775 ] right_arm=[ 0.02151231 -0.0396948   0.05519923 -0.04848943  0.0027936  -0.05394931] right_ee=[0.04130915 0.04131062]
step=287 env=0 left_arm=[ 0.08312806  1.3037112   1.0488461  -1.0544063   0.00273601  0.91616035] left_ee=[0.0208248  0.02083335] right_arm=[ 0.02323891 -0.02842377  0.05739547 -0.05447192 -0.00193187 -0.06795804] right_ee=[0.0414127  0.04142936]
step=288 env=0 left_arm=[ 0.07408307  1.2809392   1.0372653  -1.0326267   0.00771559  0.90010464] left_ee=[0.02104221 0.02105611] right_arm=[ 0.02374571 -0.04527631  0.05988608 -0.0458538   0.00047207 -0.05941997] right_ee=[0.04152504 0.04151425]
step=289 env=0 left_arm=[ 0.07270294  1.2460186   1.0123342  -1.0086013   0.01145317  0.8661596 ] left_ee=[0.02194946 0.02195276] right_arm=[ 0.01963697 -0.05697671  0.06244671 -0.04123311  0.00078668 -0.06064637] right_ee=[0.0417329  0.04172714]
step=290 env=0 left_arm=[ 0.07681707  1.231061    0.9990635  -1.003378    0.00377872  0.8582459 ] left_ee=[0.02218727 0.02220445] right_arm=[ 0.02060635 -0.05172472  0.05572145 -0.05125274  0.00559574 -0.06611028] right_ee=[0.04180419 0.04181551]
step=291 env=0 left_arm=[ 0.07225155  1.1777458   0.96200687 -0.95673245  0.00941678  0.8265976 ] left_ee=[0.02283788 0.02284368] right_arm=[ 0.01903651 -0.06742096  0.05349736 -0.04047381  0.0035495  -0.04932835] right_ee=[0.04202751 0.04202407]
step=292 env=0 left_arm=[ 0.06845234  1.1325668   0.90471923 -0.9141687   0.01464875  0.7796631 ] left_ee=[0.02333849 0.02329198] right_arm=[ 0.01836889 -0.06705201  0.05272837 -0.03315581  0.00042392 -0.04840625] right_ee=[0.04215692 0.0421586 ]
step=293 env=0 left_arm=[ 0.06800431  1.0877374   0.88272464 -0.88930756  0.00659902  0.74332815] left_ee=[0.02401312 0.02408777] right_arm=[ 0.01362168 -0.08781706  0.04818164 -0.04001622  0.00896687 -0.0536444 ] right_ee=[0.04222571 0.04221595]
step=294 env=0 left_arm=[ 0.0651482   1.0329052   0.83611834 -0.8311815   0.01699296  0.6962716 ] left_ee=[0.0248206  0.02483502] right_arm=[ 0.01101505 -0.09670769  0.04291402 -0.03119227  0.01380043 -0.0453242 ] right_ee=[0.04236697 0.04237577]
step=295 env=0 left_arm=[ 0.06472825  1.0033895   0.7996174  -0.79848     0.01160645  0.6750481 ] left_ee=[0.02523873 0.02524105] right_arm=[ 0.01363797 -0.07917471  0.05022174 -0.03686523  0.00723162 -0.04268489] right_ee=[0.04243703 0.04245763]
step=296 env=0 left_arm=[ 0.05379488  0.92980605  0.7408381  -0.7280698   0.02263975  0.61310714] left_ee=[0.02565697 0.02567253] right_arm=[ 0.01134987 -0.09143293  0.0400353  -0.03231805  0.0162047  -0.03814153] right_ee=[0.04247528 0.04246518]
step=297 env=0 left_arm=[ 0.05587778  0.898605    0.7158906  -0.6922701   0.02090338  0.5901256 ] left_ee=[0.02630613 0.02636787] right_arm=[ 0.00783401 -0.10652008  0.03804503 -0.03177135  0.01961128 -0.04125353] right_ee=[0.04251779 0.04252147]
step=298 env=0 left_arm=[ 0.04517582  0.8283801   0.644498   -0.63317233  0.02588328  0.51925313] left_ee=[0.02648864 0.02644617] right_arm=[ 0.00871069 -0.10239295  0.03795448 -0.03179722  0.01852245 -0.04245046] right_ee=[0.04232223 0.04233699]
step=299 env=0 left_arm=[ 0.04361932  0.7610886   0.5862568  -0.5664925   0.02621119  0.47082916] left_ee=[0.02693852 0.02699501] right_arm=[ 0.00535268 -0.10072395  0.03809192 -0.02780527  0.01445541 -0.033153  ] right_ee=[0.04240873 0.0424091 ]
step=300 env=0 left_arm=[ 0.03448617  0.6371771   0.47317836 -0.45307964  0.02176842  0.37210786] left_ee=[0.02796625 0.02798699] right_arm=[ 0.00406992 -0.10211001  0.02970212 -0.03623647  0.01201769 -0.04385653] right_ee=[0.04243895 0.04244198]
